// Jest Snapshot v1, https://goo.gl/fbAQLP

exports[`toMatchImageSnapshot passes diffImageToSnapshot everything it needs to create a snapshot and compare if needed 1`] = `
Object {
  "customDiffConfig": Object {},
  "imageData": "pretendthisisanimagebuffer",
  "snapshotIdentifier": "test-spec-js-test-1",
  "snapshotsDir": "path/to/__image_snapshots__",
  "updateSnapshot": false,
}
`;

exports[`toMatchImageSnapshot should fail when diff result is unknown 1`] = `
"Expected image to match or be a close match to snapshot.
[1m[31mSee diff for details:[39m[22m [31mpath/to/result.png[39m"
`;

exports[`toMatchImageSnapshot should fail when snapshot has a difference beyond allowed threshold 1`] = `
"Expected image to match or be a close match to snapshot.
[1m[31mSee diff for details:[39m[22m [31mpath/to/result.png[39m"
`;

exports[`toMatchImageSnapshot should throw an error if used with .not matcher 1`] = `"Jest: \`.not\` cannot be used with \`.toMatchImageSnapshot()\`."`;
